# command
C:\Program Files\Python313\python.exe D:\AutoProblemGen\生成题面\main.py --mode single --source-dir D:\AutoProblemGen\总流程\output\input_part_312_334_08246403\generation\source\taco_codechef_aae782d1d2ec --output-dir D:\AutoProblemGen\总流程\output\input_part_312_334_08246403\generation\output --artifact-dir D:\AutoProblemGen\总流程\output\input_part_312_334_08246403\generation\artifacts --report-dir D:\AutoProblemGen\总流程\output\input_part_312_334_08246403\generation\reports --quality-iterations 3 --quality-full-score-max-iterations 10

# cwd
D:\AutoProblemGen\生成题面

# runtime_env_keys
AUTOPROBLEMGEN_CONTEXT_CONFIG, AUTOPROBLEMGEN_EMBEDDING_LLM_CONFIG, AUTOPROBLEMGEN_EXECUTION_CONFIG, AUTOPROBLEMGEN_GENERATION_LLM_CONFIG, PYTHONIOENCODING, WORKFLOW_CURRENT_PROBLEM_ID, WORKFLOW_CURRENT_STAGE, WORKFLOW_LLM_TRACE_PATH, WORKFLOW_RUN_ID

# returncode
0

# timed_out
False

# stdout
[main] 开始校验命令行参数。
[main] 参数校验完成；mode=single；target_problem_count=1。
[main] 初始化模型客户端与规则文件。
[main] 进入生成流水线。
[batch] 开始批量生成，共 1 题；source_dir=D:\AutoProblemGen\总流程\output\input_part_312_334_08246403\generation\source\taco_codechef_aae782d1d2ec
[batch] 第 1/1 题：taco_codechef_aae782d1d2ec
[problem] taco_codechef_aae782d1d2ec：读取 schema 与原题信息。
[problem] taco_codechef_aae782d1d2ec：第 1 轮进入规划。
[problem] taco_codechef_aae782d1d2ec：第 1 轮规划完成，规则=single_objective_to_tradeoff_frontier，主题=community_services。
[problem] taco_codechef_aae782d1d2ec：第 1 轮进入题面生成。
[problem] taco_codechef_aae782d1d2ec：第 1 轮生成完成，status=ok。
[problem] taco_codechef_aae782d1d2ec：第 1 轮写入产物。
[problem] taco_codechef_aae782d1d2ec：第 1 轮进入质量评测。
[problem] taco_codechef_aae782d1d2ec：第 1 轮质量评测完成，status=revise_quality。
[problem] taco_codechef_aae782d1d2ec：第 2 轮进入规划。
[problem] taco_codechef_aae782d1d2ec：第 2 轮规划完成，规则=forward_solution_to_inverse_design，主题=home_organization。
[problem] taco_codechef_aae782d1d2ec：第 2 轮进入题面生成。
[problem] taco_codechef_aae782d1d2ec：第 2 轮生成完成，status=ok。
[problem] taco_codechef_aae782d1d2ec：第 2 轮写入产物。
[problem] taco_codechef_aae782d1d2ec：第 2 轮进入质量评测。
[problem] taco_codechef_aae782d1d2ec：第 2 轮质量评测完成，status=pass。
[problem] taco_codechef_aae782d1d2ec：写入过程报告。
[problem] taco_codechef_aae782d1d2ec：完成。report=D:\AutoProblemGen\总流程\output\input_part_312_334_08246403\generation\reports\taco_codechef_aae782d1d2ec\taco_codechef_aae782d1d2ec.md
[batch] taco_codechef_aae782d1d2ec 完成。
[batch] 全部完成；batch_artifact=D:\AutoProblemGen\总流程\output\input_part_312_334_08246403\generation\artifacts\batch_20260609_190607.json
[main] 流水线执行完成。


# stderr

