# command
C:\Program Files\Python313\python.exe D:\AutoProblemGen\生成题面\main.py --mode single --source-dir D:\AutoProblemGen\总流程\output\input_part_379_400_9c56d0a6\generation\source\taco_codewars_24712bdb68a7 --output-dir D:\AutoProblemGen\总流程\output\input_part_379_400_9c56d0a6\generation\output --artifact-dir D:\AutoProblemGen\总流程\output\input_part_379_400_9c56d0a6\generation\artifacts --report-dir D:\AutoProblemGen\总流程\output\input_part_379_400_9c56d0a6\generation\reports --quality-iterations 3 --quality-full-score-max-iterations 10

# cwd
D:\AutoProblemGen\生成题面

# runtime_env_keys
AUTOPROBLEMGEN_CONTEXT_CONFIG, AUTOPROBLEMGEN_EMBEDDING_LLM_CONFIG, AUTOPROBLEMGEN_EXECUTION_CONFIG, AUTOPROBLEMGEN_GENERATION_LLM_CONFIG, PYTHONIOENCODING, WORKFLOW_CURRENT_PROBLEM_ID, WORKFLOW_CURRENT_STAGE, WORKFLOW_LLM_TRACE_PATH, WORKFLOW_RUN_ID

# returncode
0

# timed_out
False

# stdout
[main] 开始校验命令行参数。
[main] 参数校验完成；mode=single；target_problem_count=1。
[main] 初始化模型客户端与规则文件。
[main] 进入生成流水线。
[batch] 开始批量生成，共 1 题；source_dir=D:\AutoProblemGen\总流程\output\input_part_379_400_9c56d0a6\generation\source\taco_codewars_24712bdb68a7
[batch] 第 1/1 题：taco_codewars_24712bdb68a7
[problem] taco_codewars_24712bdb68a7：读取 schema 与原题信息。
[problem] taco_codewars_24712bdb68a7：第 1 轮进入规划。
[problem] taco_codewars_24712bdb68a7：第 1 轮规划完成，规则=forward_solution_to_inverse_design，主题=urban_commute。
[problem] taco_codewars_24712bdb68a7：第 1 轮进入题面生成。
[problem] taco_codewars_24712bdb68a7：第 1 轮生成完成，status=ok。
[problem] taco_codewars_24712bdb68a7：第 1 轮写入产物。
[problem] taco_codewars_24712bdb68a7：第 1 轮进入质量评测。
[problem] taco_codewars_24712bdb68a7：第 1 轮质量评测完成，status=pass。
[problem] taco_codewars_24712bdb68a7：第 2 轮进入满分打磨，复用上一轮规划。
[problem] taco_codewars_24712bdb68a7：第 2 轮进入题面生成。
[problem] taco_codewars_24712bdb68a7：第 2 轮生成完成，status=ok。
[problem] taco_codewars_24712bdb68a7：第 2 轮写入产物。
[problem] taco_codewars_24712bdb68a7：第 2 轮进入质量评测。
[problem] taco_codewars_24712bdb68a7：第 2 轮质量评测完成，status=revise_quality。
[problem] taco_codewars_24712bdb68a7：第 3 轮进入满分打磨，复用上一轮规划。
[problem] taco_codewars_24712bdb68a7：第 3 轮进入题面生成。
[problem] taco_codewars_24712bdb68a7：第 3 轮生成完成，status=ok。
[problem] taco_codewars_24712bdb68a7：第 3 轮写入产物。
[problem] taco_codewars_24712bdb68a7：第 3 轮进入质量评测。
[problem] taco_codewars_24712bdb68a7：第 3 轮质量评测完成，status=pass。
[problem] taco_codewars_24712bdb68a7：第 4 轮进入满分打磨，复用上一轮规划。
[problem] taco_codewars_24712bdb68a7：第 4 轮进入题面生成。
[problem] taco_codewars_24712bdb68a7：第 4 轮生成完成，status=ok。
[problem] taco_codewars_24712bdb68a7：第 4 轮写入产物。
[problem] taco_codewars_24712bdb68a7：第 4 轮进入质量评测。
[problem] taco_codewars_24712bdb68a7：第 4 轮质量评测完成，status=pass。
[problem] taco_codewars_24712bdb68a7：写入过程报告。
[problem] taco_codewars_24712bdb68a7：完成。report=D:\AutoProblemGen\总流程\output\input_part_379_400_9c56d0a6\generation\reports\taco_codewars_24712bdb68a7\taco_codewars_24712bdb68a7.md
[batch] taco_codewars_24712bdb68a7 完成。
[batch] 全部完成；batch_artifact=D:\AutoProblemGen\总流程\output\input_part_379_400_9c56d0a6\generation\artifacts\batch_20260609_190448.json
[main] 流水线执行完成。


# stderr

