# command
C:\Program Files\Python313\python.exe D:\AutoProblemGen\生成题面\main.py --mode single --source-dir D:\AutoProblemGen\总流程\output\input_part_001_200_fba61f45\generation\source\taco_codechef_c0ea04c63c73 --output-dir D:\AutoProblemGen\总流程\output\input_part_001_200_fba61f45\generation\output --artifact-dir D:\AutoProblemGen\总流程\output\input_part_001_200_fba61f45\generation\artifacts --report-dir D:\AutoProblemGen\总流程\output\input_part_001_200_fba61f45\generation\reports --quality-iterations 3 --quality-full-score-max-iterations 10

# cwd
D:\AutoProblemGen\生成题面

# runtime_env_keys
AUTOPROBLEMGEN_EMBEDDING_LLM_CONFIG, AUTOPROBLEMGEN_EXECUTION_CONFIG, AUTOPROBLEMGEN_GENERATION_LLM_CONFIG, PYTHONIOENCODING, WORKFLOW_CURRENT_PROBLEM_ID, WORKFLOW_CURRENT_STAGE, WORKFLOW_LLM_TRACE_PATH, WORKFLOW_RUN_ID

# returncode
0

# timed_out
False

# stdout
[main] 开始校验命令行参数。
[main] 参数校验完成；mode=single；target_problem_count=1。
[main] 初始化模型客户端与规则文件。
[main] 进入生成流水线。
[batch] 开始批量生成，共 1 题；source_dir=D:\AutoProblemGen\总流程\output\input_part_001_200_fba61f45\generation\source\taco_codechef_c0ea04c63c73
[batch] 第 1/1 题：taco_codechef_c0ea04c63c73
[problem] taco_codechef_c0ea04c63c73：读取 schema 与原题信息。
[problem] taco_codechef_c0ea04c63c73：第 1 轮进入规划。
[problem] taco_codechef_c0ea04c63c73：第 1 轮规划完成，规则=existence_to_counting，主题=community_services。
[problem] taco_codechef_c0ea04c63c73：第 1 轮进入题面生成。
[problem] taco_codechef_c0ea04c63c73：第 1 轮生成完成，status=ok。
[problem] taco_codechef_c0ea04c63c73：第 1 轮写入产物。
[problem] taco_codechef_c0ea04c63c73：第 1 轮进入质量评测。
[problem] taco_codechef_c0ea04c63c73：第 1 轮质量评测完成，status=reject_invalid。
[problem] taco_codechef_c0ea04c63c73：写入过程报告。
[problem] taco_codechef_c0ea04c63c73：完成。report=D:\AutoProblemGen\总流程\output\input_part_001_200_fba61f45\generation\reports\taco_codechef_c0ea04c63c73\taco_codechef_c0ea04c63c73.md
[batch] taco_codechef_c0ea04c63c73 完成。
[batch] 全部完成；batch_artifact=D:\AutoProblemGen\总流程\output\input_part_001_200_fba61f45\generation\artifacts\batch_20260524_110902.json
[main] 流水线执行完成。


# stderr

