# command
C:\Program Files\Python313\python.exe D:\AutoProblemGen\生成题面\main.py --mode single --source-dir D:\AutoProblemGen\总流程\output\input_part_335_356_3c7b99e4\generation\source\taco_geeksforgeeks_11e7b4c95fa2 --output-dir D:\AutoProblemGen\总流程\output\input_part_335_356_3c7b99e4\generation\output --artifact-dir D:\AutoProblemGen\总流程\output\input_part_335_356_3c7b99e4\generation\artifacts --report-dir D:\AutoProblemGen\总流程\output\input_part_335_356_3c7b99e4\generation\reports --quality-iterations 3 --quality-full-score-max-iterations 10

# cwd
D:\AutoProblemGen\生成题面

# runtime_env_keys
AUTOPROBLEMGEN_CONTEXT_CONFIG, AUTOPROBLEMGEN_EMBEDDING_LLM_CONFIG, AUTOPROBLEMGEN_EXECUTION_CONFIG, AUTOPROBLEMGEN_GENERATION_LLM_CONFIG, PYTHONIOENCODING, WORKFLOW_CURRENT_PROBLEM_ID, WORKFLOW_CURRENT_STAGE, WORKFLOW_LLM_TRACE_PATH, WORKFLOW_RUN_ID

# returncode
0

# timed_out
False

# stdout
[main] 开始校验命令行参数。
[main] 参数校验完成；mode=single；target_problem_count=1。
[main] 初始化模型客户端与规则文件。
[main] 进入生成流水线。
[batch] 开始批量生成，共 1 题；source_dir=D:\AutoProblemGen\总流程\output\input_part_335_356_3c7b99e4\generation\source\taco_geeksforgeeks_11e7b4c95fa2
[batch] 第 1/1 题：taco_geeksforgeeks_11e7b4c95fa2
[problem] taco_geeksforgeeks_11e7b4c95fa2：读取 schema 与原题信息。
[problem] taco_geeksforgeeks_11e7b4c95fa2：第 1 轮进入规划。
[problem] taco_geeksforgeeks_11e7b4c95fa2：第 1 轮规划完成，规则=forward_solution_to_inverse_design，主题=campus_ops。
[problem] taco_geeksforgeeks_11e7b4c95fa2：第 1 轮进入题面生成。
[batch] taco_geeksforgeeks_11e7b4c95fa2 失败：模型连续返回不合法题面，校验失败：题面包含不应复用的原题标识或标题片段：1；失败历史：[
  {
    "attempt": 1,
    "errors": [
      "题面包含不应复用的原题标识或标题片段：1"
    ],
    "payload": {
      "status": "ok",
      "error_reason": "",
      "feedback": "",
      "title": "社团培训计划",
      "description": "校园里有 N 个学生社团，编号为 1 到 N。每个社团 i 有一个合作潜力值 a_i（可能是负数）。当两个社团 i 和 j（i ≠ j）的合作潜力值之和大于 0 时，称它们是一对友好伙伴关系，即满足 a_i + a_j > 0。每对无序的友好伙伴关系只计一次。\n学校希望友好伙伴关系的总数至少达到 K 对。为此，可以对社团进行培训：每次培训一个社团，可以将该社团的合作潜力值修改为任意整数（包括负数、零或正数，可以多次培训同一个社团）。每次培训计为一次操作。\n请你计算最少需要多少次操作才能达成目标。如果无论怎么操作都无法使友好伙伴关系数量 ≥ K，则输出 -1。\n\n例如，N=4，潜力值为 [-1, -1, -1, 0]，初始友好对数为 0。若要求 K=3，只需将其中一个 -1 改为一个极大的正数（如 100），它就能与其余三个社团都形成友好关系，总友好对数变为 3，操作次数为 1。",
      "input_format": "第一行包含一个整数 N（1 ≤ N ≤ 10^5），表示社团数量。\n第二行包含 N 个整数 a_1, a_2, …, a_N（-10^4 ≤ a_i ≤ 10^4），表示每个社团的初始合作潜力值。\n第三行包含一个整数 K（0 ≤ K ≤ N*(N-1)/2），表示所需的最小友好伙伴关系对数。",
      "output_format": "输出一个整数，表示达到目标所需的最少操作次数。如果无法达到，输出 -1。",
      "constraints": [
        "1 ≤ N ≤ 10^5",
        "-10^4 ≤ a_i ≤ 10^4",
        "0 ≤ K ≤ N*(N-1)/2",
        "时间限制：2 秒",
        "空间限制：256 MB"
      ],
      "samples": [
        {
          "input": "4\n-1 -1 -1 0\n3",
          "output": "1",
          "explanation": "初始友好对数为 0。将一个 -1 改为极大的正值（如 100）后，该社团与其余三个均形成友好关系，友好对数变为 3，恰好达到 K=3，因此最少操作次数为 1。"
        },
        {
          "input": "2\n-100 -100\n2",
          "output": "-1",
          "explanation": "两个社团最多形成 1 对友好关系（若将一个改为极大值，则它与另一个形成友好对），无法达到 2 对，故输出 -1。"
        },
        {
          "input": "5\n-5 -4 -3 -2 -1\n10",
          "output": "4",
          "explanation": "初始友好对数为 0，总可能对数为 10。修改最小的 4 个元素为极大值后，这 4 个社团两两之间均友好（共 6 对），同时每个还与唯一的未修改社团友好（共 4 对），合计 10 对，达到 K=10。若只修改 3 个，最多仅得 9 对，故最少需要 4 次操作。"
        }
      ],
      "notes": "若 K 为 0，无需任何操作，答案为 0。若 K 超过 N 个元素可能形成的最大对数 N(N-1)/2，则一定无解，输出 -1。\n可以证明：最优策略总是将合作潜力值最小的若干社团修改为一个极大的正数（如 10^9），且这样修改一次能使该社团与所有其他社团均形成友好关系。利用这一性质可以设计高效算法。"
    }
  }
]
[batch] 全部完成；batch_artifact=D:\AutoProblemGen\总流程\output\input_part_335_356_3c7b99e4\generation\artifacts\batch_20260609_194503.json
[main] 流水线执行完成。


# stderr

